// Jest Snapshot v1, https://goo.gl/fbAQLP

exports[`App renders should match snapshot 1`] = `
<div
  className="App"
  data-test="appComponent"
>
  <MainPage />
</div>
`;
